EN anasema NULL C:/Users/Mertcan/mesafeolcer/anasema.vhf sub00/vhpl08 1511365357
EN anamodul NULL C:/Users/Mertcan/mesafeolcer/anaModul.vhd sub00/vhpl00 1511365355
EN binaryto7segment NULL C:/Users/Mertcan/mesafeolcer/binaryTo7segment.vhd sub00/vhpl06 1511365353
AR anasema behavioral C:/Users/Mertcan/mesafeolcer/anasema.vhf sub00/vhpl09 1511365358
AR leddriver behavioral C:/Users/Mertcan/mesafeolcer/ledDriver.vhd sub00/vhpl05 1511365352
EN binarytodecimal NULL C:/Users/Mertcan/mesafeolcer/binaryToDecimal.vhd sub00/vhpl02 1511365349
AR binaryto7segment behavioral C:/Users/Mertcan/mesafeolcer/binaryTo7segment.vhd sub00/vhpl07 1511365354
AR anamodul behavioral C:/Users/Mertcan/mesafeolcer/anaModul.vhd sub00/vhpl01 1511365356
EN leddriver NULL C:/Users/Mertcan/mesafeolcer/ledDriver.vhd sub00/vhpl04 1511365351
AR binarytodecimal behavioral C:/Users/Mertcan/mesafeolcer/binaryToDecimal.vhd sub00/vhpl03 1511365350
